============================= test session starts =============================
platform win32 -- Python 3.10.10, pytest-9.0.2, pluggy-1.6.0 -- C:\Users\Thawshi\code\question_gen_engine\venv\Scripts\python.exe
cachedir: .pytest_cache
rootdir: C:\Users\Thawshi\code\question_gen_engine
configfile: pytest.ini
testpaths: tests
plugins: anyio-4.12.0, asyncio-1.3.0
asyncio: mode=auto, debug=False, asyncio_default_fixture_loop_scope=None, asyncio_default_test_loop_scope=function
collecting ... collected 2 items / 1 error

=================================== ERRORS ====================================
____________________ ERROR collecting tests/test_basic.py _____________________
ImportError while importing test module 'C:\Users\Thawshi\code\question_gen_engine\tests\test_basic.py'.
Hint: make sure your test modules/packages have valid Python names.
Traceback:
..\..\AppData\Local\Programs\Python\Python310\lib\importlib\__init__.py:126: in import_module
    return _bootstrap._gcd_import(name[level:], package, level)
tests\test_basic.py:7: in <module>
    from src.engine.template_gen import TemplateGenerator
E   ModuleNotFoundError: No module named 'src.engine'
============================== warnings summary ===============================
venv\lib\site-packages\google\api_core\_python_version_support.py:266
  C:\Users\Thawshi\code\question_gen_engine\venv\lib\site-packages\google\api_core\_python_version_support.py:266: FutureWarning: You are using a Python version (3.10.10) which Google will stop supporting in new releases of google.api_core once it reaches its end of life (2026-10-04). Please upgrade to the latest Python version, or at least Python 3.11, to continue receiving updates for google.api_core past that date.
    warnings.warn(message, FutureWarning)

-- Docs: https://docs.pytest.org/en/stable/how-to/capture-warnings.html
=========================== short test summary info ===========================
ERROR tests/test_basic.py
!!!!!!!!!!!!!!!!!!! Interrupted: 1 error during collection !!!!!!!!!!!!!!!!!!!!
========================= 1 warning, 1 error in 0.61s =========================
